// Jest Snapshot v1, https://goo.gl/fbAQLP

exports[`renders DOM for the org list without any orgs 1`] = `
<React.Fragment>
  <styled.label
    htmlFor="search"
  >
    <styled.svg />
    <styled.input
      id="search"
      onChange={[Function]}
      placeholder="Search by organization name"
      type="search"
      value=""
    />
  </styled.label>
</React.Fragment>
`;

exports[`renders different DOM for the org list with orgs 1`] = `
Diff:
- <BaseComponent />
+ <CompareComponent />

@@ -12,6 +12,33 @@
        value=""
      />
    </styled.label>
+   <styled.section
+     key="bd006616-3bd2-4783-a84d-b0fa4ed81135"
+   >
+     <styled.h2
+       data-testid="org-name"
+     >
+       Danlaw
+     </styled.h2>
+   </styled.section>
+   <styled.section
+     key="8d9ec637-f3bb-4c46-83ee-11764d09f0b2"
+   >
+     <styled.h2
+       data-testid="org-name"
+     >
+       Azuga
+     </styled.h2>
+   </styled.section>
+   <styled.section
+     key="94d9b0ca-a758-4502-8dcd-41d883e38714"
+   >
+     <styled.h2
+       data-testid="org-name"
+     >
+       BitBrew
+     </styled.h2>
+   </styled.section>
  </React.Fragment>
`;
